// Vitest Snapshot v1, https://vitest.dev/guide/snapshot.html

exports[`ui modules smoke/snapshot > exports expected modules 1`] = `
{
  "accordion": [
    "Accordion",
    "AccordionItem",
    "AccordionTrigger",
    "AccordionContent",
  ],
  "alert": [
    "Alert",
    "AlertTitle",
    "AlertDescription",
  ],
  "alertDialog": [
    "AlertDialog",
    "AlertDialogPortal",
    "AlertDialogOverlay",
    "AlertDialogTrigger",
    "AlertDialogContent",
    "AlertDialogHeader",
    "AlertDialogFooter",
    "AlertDialogTitle",
    "AlertDialogDescription",
    "AlertDialogAction",
    "AlertDialogCancel",
  ],
  "aspectRatio": [
    "AspectRatio",
  ],
  "avatar": [
    "Avatar",
    "AvatarImage",
    "AvatarFallback",
  ],
  "badge": [
    "Badge",
    "badgeVariants",
  ],
  "breadcrumb": [
    "Breadcrumb",
    "BreadcrumbList",
    "BreadcrumbItem",
    "BreadcrumbLink",
    "BreadcrumbPage",
    "BreadcrumbSeparator",
    "BreadcrumbEllipsis",
  ],
  "button": [
    "Button",
    "buttonVariants",
  ],
  "calendar": [
    "Calendar",
  ],
  "card": [
    "Card",
    "CardHeader",
    "CardFooter",
    "CardTitle",
    "CardDescription",
    "CardContent",
  ],
  "carousel": [
    "Carousel",
    "CarouselContent",
    "CarouselItem",
    "CarouselPrevious",
    "CarouselNext",
  ],
  "chart": [
    "ChartContainer",
    "ChartTooltip",
    "ChartTooltipContent",
    "ChartLegend",
    "ChartLegendContent",
    "ChartStyle",
  ],
  "checkbox": [
    "Checkbox",
  ],
  "collapsible": [
    "Collapsible",
    "CollapsibleTrigger",
    "CollapsibleContent",
  ],
  "command": [
    "Command",
    "CommandDialog",
    "CommandInput",
    "CommandList",
    "CommandEmpty",
    "CommandGroup",
    "CommandItem",
    "CommandShortcut",
    "CommandSeparator",
  ],
  "contextMenu": [
    "ContextMenu",
    "ContextMenuTrigger",
    "ContextMenuContent",
    "ContextMenuItem",
    "ContextMenuCheckboxItem",
    "ContextMenuRadioItem",
    "ContextMenuLabel",
    "ContextMenuSeparator",
    "ContextMenuShortcut",
    "ContextMenuGroup",
    "ContextMenuPortal",
    "ContextMenuSub",
    "ContextMenuSubContent",
    "ContextMenuSubTrigger",
    "ContextMenuRadioGroup",
  ],
  "dialog": [
    "Dialog",
    "DialogPortal",
    "DialogOverlay",
    "DialogClose",
    "DialogTrigger",
    "DialogContent",
    "DialogHeader",
    "DialogFooter",
    "DialogTitle",
    "DialogDescription",
  ],
  "drawer": [
    "Drawer",
    "DrawerPortal",
    "DrawerOverlay",
    "DrawerTrigger",
    "DrawerClose",
    "DrawerContent",
    "DrawerHeader",
    "DrawerFooter",
    "DrawerTitle",
    "DrawerDescription",
  ],
  "dropdownMenu": [
    "DropdownMenu",
    "DropdownMenuTrigger",
    "DropdownMenuContent",
    "DropdownMenuItem",
    "DropdownMenuCheckboxItem",
    "DropdownMenuRadioItem",
    "DropdownMenuLabel",
    "DropdownMenuSeparator",
    "DropdownMenuShortcut",
    "DropdownMenuGroup",
    "DropdownMenuPortal",
    "DropdownMenuSub",
    "DropdownMenuSubContent",
    "DropdownMenuSubTrigger",
    "DropdownMenuRadioGroup",
  ],
  "form": [
    "useFormField",
    "Form",
    "FormItem",
    "FormLabel",
    "FormControl",
    "FormDescription",
    "FormMessage",
    "FormField",
  ],
  "hoverCard": [
    "HoverCard",
    "HoverCardTrigger",
    "HoverCardContent",
  ],
  "input": [
    "Input",
  ],
  "inputOtp": [
    "InputOTP",
    "InputOTPGroup",
    "InputOTPSlot",
    "InputOTPSeparator",
  ],
  "label": [
    "Label",
  ],
  "menubar": [
    "Menubar",
    "MenubarMenu",
    "MenubarTrigger",
    "MenubarContent",
    "MenubarItem",
    "MenubarSeparator",
    "MenubarLabel",
    "MenubarCheckboxItem",
    "MenubarRadioGroup",
    "MenubarRadioItem",
    "MenubarPortal",
    "MenubarSubContent",
    "MenubarSubTrigger",
    "MenubarGroup",
    "MenubarSub",
    "MenubarShortcut",
  ],
  "navigationMenu": [
    "navigationMenuTriggerStyle",
    "NavigationMenu",
    "NavigationMenuList",
    "NavigationMenuItem",
    "NavigationMenuContent",
    "NavigationMenuTrigger",
    "NavigationMenuLink",
    "NavigationMenuIndicator",
    "NavigationMenuViewport",
  ],
  "pagination": [
    "Pagination",
    "PaginationContent",
    "PaginationEllipsis",
    "PaginationItem",
    "PaginationLink",
    "PaginationNext",
    "PaginationPrevious",
  ],
  "popover": [
    "Popover",
    "PopoverTrigger",
    "PopoverContent",
  ],
  "progress": [
    "Progress",
  ],
  "radioGroup": [
    "RadioGroup",
    "RadioGroupItem",
  ],
  "resizable": [
    "ResizablePanelGroup",
    "ResizablePanel",
    "ResizableHandle",
  ],
  "scrollArea": [
    "ScrollArea",
    "ScrollBar",
  ],
  "select": [
    "Select",
    "SelectGroup",
    "SelectValue",
    "SelectTrigger",
    "SelectContent",
    "SelectLabel",
    "SelectItem",
    "SelectSeparator",
    "SelectScrollUpButton",
    "SelectScrollDownButton",
  ],
  "separator": [
    "Separator",
  ],
  "sheet": [
    "Sheet",
    "SheetClose",
    "SheetContent",
    "SheetDescription",
    "SheetFooter",
    "SheetHeader",
    "SheetOverlay",
    "SheetPortal",
    "SheetTitle",
    "SheetTrigger",
  ],
  "sidebar": [
    "Sidebar",
    "SidebarContent",
    "SidebarFooter",
    "SidebarGroup",
    "SidebarGroupAction",
    "SidebarGroupContent",
    "SidebarGroupLabel",
    "SidebarHeader",
    "SidebarInput",
    "SidebarInset",
    "SidebarMenu",
    "SidebarMenuAction",
    "SidebarMenuBadge",
    "SidebarMenuButton",
    "SidebarMenuItem",
    "SidebarMenuSkeleton",
    "SidebarMenuSub",
    "SidebarMenuSubButton",
    "SidebarMenuSubItem",
    "SidebarProvider",
    "SidebarRail",
    "SidebarSeparator",
    "SidebarTrigger",
    "useSidebar",
  ],
  "skeleton": [
    "Skeleton",
  ],
  "slider": [
    "Slider",
  ],
  "sonner": [
    "Toaster",
    "toast",
  ],
  "switchMod": [
    "Switch",
  ],
  "table": [
    "Table",
    "TableHeader",
    "TableBody",
    "TableFooter",
    "TableHead",
    "TableRow",
    "TableCell",
    "TableCaption",
  ],
  "tabs": [
    "Tabs",
    "TabsList",
    "TabsTrigger",
    "TabsContent",
  ],
  "textarea": [
    "Textarea",
  ],
  "toast": [
    "ToastProvider",
    "ToastViewport",
    "Toast",
    "ToastTitle",
    "ToastDescription",
    "ToastClose",
    "ToastAction",
  ],
  "toaster": [
    "Toaster",
  ],
  "toggle": [
    "Toggle",
    "toggleVariants",
  ],
  "toggleGroup": [
    "ToggleGroup",
    "ToggleGroupItem",
  ],
  "tooltip": [
    "Tooltip",
    "TooltipTrigger",
    "TooltipContent",
    "TooltipProvider",
  ],
}
`;
